2026-05-29 20:58:46,518 - INFO - ==================================================
2026-05-29 20:58:46,518 - INFO - 开始爬取实时国内重大事件...
2026-05-29 20:58:46,518 - INFO - ==================================================
2026-05-29 20:58:47,107 - INFO - 微博热搜 获取成功: 51 条
2026-05-29 20:58:47,107 - INFO -   ✓ 微博热搜: 51 条
2026-05-29 20:58:48,788 - INFO - 百度热搜 获取成功: 50 条
2026-05-29 20:58:48,789 - INFO -   ✓ 百度热搜: 50 条
2026-05-29 20:58:49,921 - WARNING -   ✗ 知乎热搜: 获取为空
2026-05-29 20:59:05,125 - INFO - 网易新闻(解析) 获取成功: 5 条
2026-05-29 20:59:05,127 - INFO -   ✓ 网易新闻: 5 条
2026-05-29 20:59:06,986 - INFO - 腾讯新闻(备用) 获取成功: 0 条
2026-05-29 20:59:06,986 - WARNING -   ✗ 腾讯新闻: 获取为空
2026-05-29 20:59:07,629 - INFO - 爬取完成，共 106 条事件
2026-05-29 20:59:07,634 - INFO - 数据已保存: news_data\news_data_20260529_205907.json
2026-05-30 12:31:26,997 - INFO - ==================================================
2026-05-30 12:31:26,997 - INFO - 开始爬取实时国内重大事件...
2026-05-30 12:31:26,997 - INFO - ==================================================
2026-05-30 12:31:27,591 - INFO - 微博热搜 获取成功: 52 条
2026-05-30 12:31:27,591 - INFO -   ✓ 微博热搜: 52 条
2026-05-30 12:31:29,326 - INFO - 百度热搜 获取成功: 50 条
2026-05-30 12:31:29,326 - INFO -   ✓ 百度热搜: 50 条
2026-05-30 12:31:31,624 - WARNING -   ✗ 知乎热搜: 获取为空
2026-05-30 12:31:37,527 - INFO - 网易新闻(解析) 获取成功: 5 条
2026-05-30 12:31:37,527 - INFO -   ✓ 网易新闻: 5 条
2026-05-30 12:31:39,783 - INFO - 腾讯新闻(备用) 获取成功: 0 条
2026-05-30 12:31:39,784 - WARNING -   ✗ 腾讯新闻: 获取为空
2026-05-30 12:31:40,490 - INFO - 爬取完成，共 107 条事件
2026-05-30 12:31:40,493 - INFO - 数据已保存: news_data\news_data_20260530_123140.json
2026-06-01 15:48:16,415 - INFO - ==================================================
2026-06-01 15:48:16,419 - INFO - 开始爬取实时国内重大事件...
2026-06-01 15:48:16,419 - INFO - ==================================================
2026-06-01 15:48:17,140 - INFO - 微博热搜 获取成功: 52 条
2026-06-01 15:48:17,141 - INFO -   ✓ 微博热搜: 52 条
2026-06-01 15:48:18,486 - INFO - 百度热搜 获取成功: 50 条
2026-06-01 15:48:18,486 - INFO -   ✓ 百度热搜: 50 条
2026-06-01 15:48:19,836 - WARNING -   ✗ 知乎热搜: 获取为空
2026-06-01 15:48:22,410 - INFO - 网易新闻(解析) 获取成功: 5 条
2026-06-01 15:48:22,411 - INFO -   ✓ 网易新闻: 5 条
2026-06-01 15:48:24,743 - INFO - 腾讯新闻(备用) 获取成功: 0 条
2026-06-01 15:48:24,744 - WARNING -   ✗ 腾讯新闻: 获取为空
2026-06-01 15:48:25,448 - INFO - 爬取完成，共 107 条事件
2026-06-01 15:48:25,452 - INFO - 数据已保存: news_data\news_data_20260601_154825.json
2026-06-01 15:48:26,081 - INFO - ==================================================
2026-06-01 15:48:26,082 - INFO - 开始爬取实时国内重大事件...
2026-06-01 15:48:26,082 - INFO - ==================================================
2026-06-01 15:48:26,813 - INFO - 微博热搜 获取成功: 51 条
2026-06-01 15:48:26,814 - INFO -   ✓ 微博热搜: 51 条
2026-06-01 15:48:28,068 - INFO - 百度热搜 获取成功: 50 条
2026-06-01 15:48:28,068 - INFO -   ✓ 百度热搜: 50 条
2026-06-01 15:48:29,240 - WARNING -   ✗ 知乎热搜: 获取为空
2026-06-01 15:48:31,661 - INFO - 网易新闻(解析) 获取成功: 5 条
2026-06-01 15:48:31,661 - INFO -   ✓ 网易新闻: 5 条
2026-06-01 15:48:33,836 - INFO - 腾讯新闻(备用) 获取成功: 0 条
2026-06-01 15:48:33,836 - WARNING -   ✗ 腾讯新闻: 获取为空
2026-06-01 15:48:34,403 - INFO - 爬取完成，共 106 条事件
2026-06-01 15:48:34,407 - INFO - 数据已保存: news_data\news_data_20260601_154834.json
2026-06-02 18:50:19,978 - INFO - ==================================================
2026-06-02 18:50:19,979 - INFO - 开始爬取实时国内重大事件...
2026-06-02 18:50:19,979 - INFO - ==================================================
2026-06-02 18:50:20,479 - INFO - 微博热搜 获取成功: 51 条
2026-06-02 18:50:20,480 - INFO -   ✓ 微博热搜: 51 条
2026-06-02 18:50:22,041 - INFO - 百度热搜 获取成功: 50 条
2026-06-02 18:50:22,041 - INFO -   ✓ 百度热搜: 50 条
2026-06-02 18:50:23,552 - WARNING -   ✗ 知乎热搜: 获取为空
2026-06-02 18:50:25,749 - INFO - 网易新闻(解析) 获取成功: 5 条
2026-06-02 18:50:25,749 - INFO -   ✓ 网易新闻: 5 条
2026-06-02 18:50:27,806 - INFO - 腾讯新闻(备用) 获取成功: 0 条
2026-06-02 18:50:27,806 - WARNING -   ✗ 腾讯新闻: 获取为空
2026-06-02 18:50:29,046 - INFO - 爬取完成，共 106 条事件
2026-06-02 18:50:29,049 - INFO - 数据已保存: news_data\news_data_20260602_185029.json
2026-06-04 15:40:59,308 - INFO - ==================================================
2026-06-04 15:40:59,309 - INFO - 开始爬取实时国内重大事件...
2026-06-04 15:40:59,309 - INFO - ==================================================
2026-06-04 15:41:00,446 - INFO - 微博热搜 获取成功: 52 条
2026-06-04 15:41:00,447 - INFO -   ✓ 微博热搜: 52 条
2026-06-04 15:41:05,291 - INFO - 百度热搜 获取成功: 50 条
2026-06-04 15:41:05,292 - INFO -   ✓ 百度热搜: 50 条
2026-06-04 15:41:07,622 - WARNING -   ✗ 知乎热搜: 获取为空
2026-06-04 15:41:12,016 - INFO - 网易新闻(解析) 获取成功: 5 条
2026-06-04 15:41:12,018 - INFO -   ✓ 网易新闻: 5 条
2026-06-04 15:41:15,485 - INFO - 腾讯新闻(备用) 获取成功: 0 条
2026-06-04 15:41:15,485 - WARNING -   ✗ 腾讯新闻: 获取为空
2026-06-04 15:41:16,856 - INFO - 爬取完成，共 107 条事件
2026-06-04 15:41:16,872 - INFO - 数据已保存: news_data\news_data_20260604_154116.json
2026-06-05 10:03:28,068 - INFO - ==================================================
2026-06-05 10:03:28,073 - INFO - 开始爬取实时国内重大事件...
2026-06-05 10:03:28,088 - INFO - ==================================================
2026-06-05 10:03:29,042 - INFO - 微博热搜 获取成功: 51 条
2026-06-05 10:03:29,043 - INFO -   ✓ 微博热搜: 51 条
2026-06-05 10:03:30,755 - INFO - 百度热搜 获取成功: 50 条
2026-06-05 10:03:30,755 - INFO -   ✓ 百度热搜: 50 条
2026-06-05 10:03:32,041 - WARNING -   ✗ 知乎热搜: 获取为空
2026-06-05 10:14:41,019 - INFO - ==================================================
2026-06-05 10:14:41,019 - INFO - 开始爬取实时国内重大事件...
2026-06-05 10:14:41,019 - INFO - ==================================================
2026-06-05 10:14:41,639 - INFO - 微博热搜 获取成功: 51 条
2026-06-05 10:14:41,639 - INFO -   ✓ 微博热搜: 51 条
2026-06-05 10:14:43,079 - INFO - 百度热搜 获取成功: 50 条
2026-06-05 10:14:43,080 - INFO -   ✓ 百度热搜: 50 条
2026-06-05 10:14:44,361 - WARNING -   ✗ 知乎热搜: 获取为空
2026-06-05 10:14:52,235 - INFO - 网易新闻(解析) 获取成功: 5 条
2026-06-05 10:14:52,236 - INFO -   ✓ 网易新闻: 5 条
2026-06-05 10:14:53,848 - INFO - 腾讯新闻(备用) 获取成功: 0 条
2026-06-05 10:14:53,848 - WARNING -   ✗ 腾讯新闻: 获取为空
2026-06-05 10:14:55,332 - INFO - 爬取完成，共 106 条事件
2026-06-05 10:14:55,335 - INFO - 数据已保存: news_data\news_data_20260605_101455.json
2026-06-05 18:59:37,295 - INFO - ==================================================
2026-06-05 18:59:37,296 - INFO - 开始爬取实时国内重大事件...
2026-06-05 18:59:37,296 - INFO - ==================================================
2026-06-05 18:59:38,754 - INFO - 微博热搜 获取成功: 52 条
2026-06-05 18:59:38,754 - INFO -   ✓ 微博热搜: 52 条
2026-06-05 18:59:42,037 - INFO - 百度热搜 获取成功: 50 条
2026-06-05 18:59:42,037 - INFO -   ✓ 百度热搜: 50 条
2026-06-05 18:59:43,885 - WARNING -   ✗ 知乎热搜: 获取为空
2026-06-05 18:59:46,577 - INFO - 网易新闻(解析) 获取成功: 5 条
2026-06-05 18:59:46,579 - INFO -   ✓ 网易新闻: 5 条
2026-06-05 18:59:49,037 - INFO - 腾讯新闻(备用) 获取成功: 0 条
2026-06-05 18:59:49,037 - WARNING -   ✗ 腾讯新闻: 获取为空
2026-06-05 18:59:49,937 - INFO - 爬取完成，共 107 条事件
2026-06-05 18:59:49,944 - INFO - 数据已保存: news_data\news_data_20260605_185949.json
2026-06-07 19:30:32,613 - INFO - ==================================================
2026-06-07 19:30:32,613 - INFO - 开始爬取实时国内重大事件...
2026-06-07 19:30:32,613 - INFO - ==================================================
2026-06-07 19:30:33,091 - INFO - 微博热搜 获取成功: 50 条
2026-06-07 19:30:33,091 - INFO -   ✓ 微博热搜: 50 条
2026-06-07 19:30:33,927 - INFO - 百度热搜 获取成功: 50 条
2026-06-07 19:30:33,927 - INFO -   ✓ 百度热搜: 50 条
2026-06-07 19:30:35,441 - WARNING -   ✗ 知乎热搜: 获取为空
2026-06-07 19:30:37,378 - INFO - 网易新闻(解析) 获取成功: 5 条
2026-06-07 19:30:37,379 - INFO -   ✓ 网易新闻: 5 条
2026-06-07 19:30:38,638 - INFO - 腾讯新闻(备用) 获取成功: 0 条
2026-06-07 19:30:38,638 - WARNING -   ✗ 腾讯新闻: 获取为空
2026-06-07 19:30:39,927 - INFO - 爬取完成，共 105 条事件
2026-06-07 19:30:39,931 - INFO - 数据已保存: news_data\news_data_20260607_193039.json
2026-06-08 16:38:05,849 - INFO - ==================================================
2026-06-08 16:38:05,849 - INFO - 开始爬取实时国内重大事件...
2026-06-08 16:38:05,850 - INFO - ==================================================
2026-06-08 16:38:06,340 - INFO - 微博热搜 获取成功: 51 条
2026-06-08 16:38:06,340 - INFO -   ✓ 微博热搜: 51 条
2026-06-08 16:38:07,512 - INFO - 百度热搜 获取成功: 50 条
2026-06-08 16:38:07,513 - INFO -   ✓ 百度热搜: 50 条
2026-06-08 16:38:08,848 - WARNING -   ✗ 知乎热搜: 获取为空
2026-06-08 16:38:10,661 - INFO - 网易新闻(解析) 获取成功: 5 条
2026-06-08 16:38:10,662 - INFO -   ✓ 网易新闻: 5 条
2026-06-08 16:38:12,596 - INFO - 腾讯新闻(备用) 获取成功: 0 条
2026-06-08 16:38:12,597 - WARNING -   ✗ 腾讯新闻: 获取为空
2026-06-08 16:38:14,075 - INFO - 爬取完成，共 106 条事件
2026-06-08 16:38:14,079 - INFO - 数据已保存: news_data\news_data_20260608_163814.json
