2026-05-30 00:28:10,365 [INFO] ============================================================
2026-05-30 00:28:10,365 [INFO] 实习/校园招聘信息爬虫 启动
2026-05-30 00:28:10,365 [INFO] 城市: 北京
2026-05-30 00:28:10,365 [INFO] 关键词: 实习
2026-05-30 00:28:10,365 [INFO] 平台: all
2026-05-30 00:28:10,365 [INFO] 岗位类型: all
2026-05-30 00:28:10,365 [INFO] 最大页数: 3
2026-05-30 00:28:10,366 [INFO] ============================================================
2026-05-30 00:28:10,366 [INFO] [实习僧] 开始爬取: 城市=北京, 关键词=实习, 类型=intern
2026-05-30 00:28:10,366 [INFO] [实习僧] 正在爬取第 1/3 页...
2026-05-30 00:28:10,696 [WARNING] [1/3] 连接错误: HTTPSConnectionPool(host='api.shixiseng.com', port=443): Max retries exceeded with url: /api/jobs?keyword=%E5%AE%9E%E4%B9%A0&city=%E5%8C%97%E4%BA%AC&type=intern&p=1&ps=20&order=0 (Caused by SSLError(SSLEOFError(8, '[SSL: UNEXPECTED_EOF_WHILE_READING] EOF occurred in violation of protocol (_ssl.c:1032)')))
2026-05-30 00:28:15,779 [WARNING] [2/3] 连接错误: HTTPSConnectionPool(host='api.shixiseng.com', port=443): Max retries exceeded with url: /api/jobs?keyword=%E5%AE%9E%E4%B9%A0&city=%E5%8C%97%E4%BA%AC&type=intern&p=1&ps=20&order=0 (Caused by SSLError(SSLEOFError(8, '[SSL: UNEXPECTED_EOF_WHILE_READING] EOF occurred in violation of protocol (_ssl.c:1032)')))
2026-05-30 00:28:19,998 [WARNING] [3/3] 连接错误: HTTPSConnectionPool(host='api.shixiseng.com', port=443): Max retries exceeded with url: /api/jobs?keyword=%E5%AE%9E%E4%B9%A0&city=%E5%8C%97%E4%BA%AC&type=intern&p=1&ps=20&order=0 (Caused by SSLError(SSLEOFError(8, '[SSL: UNEXPECTED_EOF_WHILE_READING] EOF occurred in violation of protocol (_ssl.c:1032)')))
2026-05-30 00:28:19,998 [INFO] [实习僧] 第 1 页无数据，结束
2026-05-30 00:28:19,998 [INFO] [实习僧] 完成，共获取 0 条记录
2026-05-30 00:28:19,998 [INFO] [BOSS直聘] 开始爬取: 城市=北京, 关键词=实习
2026-05-30 00:28:19,998 [INFO] [BOSS直聘] 正在爬取第 1/3 页...
2026-05-30 00:28:20,260 [INFO] [BOSS直聘] 第 1 页无数据，结束
2026-05-30 00:28:20,260 [INFO] [BOSS直聘] 完成，共获取 0 条记录
2026-05-30 00:28:20,260 [INFO] [拉勾网] 开始爬取: 城市=北京, 关键词=实习
2026-05-30 00:28:20,260 [INFO] [拉勾网] 正在爬取第 1/3 页...
2026-05-30 00:28:20,704 [ERROR] 拉勾 API 返回非 JSON: <!doctypehtml><meta charset="UTF-8"><meta name="aliyun_waf_aa"content="ff926c7f07e45e2e487a29a6197d3460"><meta name="aliyun_waf_bb"content="eade71455e2ad9c6d08b82bc7d98df8c"><title></title><meta name=
2026-05-30 00:28:20,705 [INFO] [拉勾网] 第 1 页无数据，结束
2026-05-30 00:28:20,705 [INFO] [拉勾网] 完成，共获取 0 条记录
2026-05-30 00:28:20,705 [INFO] 
共获取 0 条招聘信息
2026-05-30 00:28:20,705 [WARNING] 未获取到任何数据，请检查网络/参数后重试
2026-05-30 10:46:39,043 [INFO] ============================================================
2026-05-30 10:46:39,044 [INFO] 实习/校园招聘信息爬虫 启动
2026-05-30 10:46:39,044 [INFO] 城市: 北京
2026-05-30 10:46:39,044 [INFO] 关键词: 实习
2026-05-30 10:46:39,044 [INFO] 平台: all
2026-05-30 10:46:39,044 [INFO] 岗位类型: all
2026-05-30 10:46:39,044 [INFO] 最大页数: 3
2026-05-30 10:46:39,044 [INFO] ============================================================
2026-05-30 10:46:39,045 [INFO] [实习僧] 开始爬取: 城市=北京, 关键词=实习, 类型=intern
2026-05-30 10:46:39,045 [INFO] [实习僧] 正在爬取第 1/3 页...
2026-05-30 10:46:39,356 [WARNING] [1/3] 连接错误: ('Connection aborted.', ConnectionAbortedError(10053, 'An established connection was aborted by the software in your host machine', None, 10053, None))
2026-05-30 10:46:41,595 [WARNING] [2/3] 连接错误: HTTPSConnectionPool(host='api.shixiseng.com', port=443): Max retries exceeded with url: /api/jobs?keyword=%E5%AE%9E%E4%B9%A0&city=%E5%8C%97%E4%BA%AC&type=intern&p=1&ps=20&order=0 (Caused by SSLError(SSLEOFError(8, '[SSL: UNEXPECTED_EOF_WHILE_READING] EOF occurred in violation of protocol (_ssl.c:1081)')))
2026-05-30 10:46:45,898 [WARNING] [3/3] 连接错误: HTTPSConnectionPool(host='api.shixiseng.com', port=443): Max retries exceeded with url: /api/jobs?keyword=%E5%AE%9E%E4%B9%A0&city=%E5%8C%97%E4%BA%AC&type=intern&p=1&ps=20&order=0 (Caused by SSLError(SSLEOFError(8, '[SSL: UNEXPECTED_EOF_WHILE_READING] EOF occurred in violation of protocol (_ssl.c:1081)')))
2026-05-30 10:46:45,898 [INFO] [实习僧] 第 1 页无数据，结束
2026-05-30 10:46:45,898 [INFO] [实习僧] 完成，共获取 0 条记录
2026-05-30 10:46:45,899 [INFO] [BOSS直聘] 开始爬取: 城市=北京, 关键词=实习
2026-05-30 10:46:45,899 [INFO] [BOSS直聘] 正在爬取第 1/3 页...
2026-05-30 10:46:47,860 [INFO] [BOSS直聘] 第 1 页无数据，结束
2026-05-30 10:46:47,860 [INFO] [BOSS直聘] 完成，共获取 0 条记录
2026-05-30 10:46:47,860 [INFO] [拉勾网] 开始爬取: 城市=北京, 关键词=实习
2026-05-30 10:46:47,860 [INFO] [拉勾网] 正在爬取第 1/3 页...
2026-05-30 10:46:50,192 [ERROR] 拉勾 API 返回非 JSON: <!doctypehtml><meta charset="UTF-8"><meta name="aliyun_waf_aa"content="ff926c7f07e45e2e487a29a6197d3460"><meta name="aliyun_waf_bb"content="eade71455e2ad9c6d08b82bc7d98df8c"><title></title><meta name=
2026-05-30 10:46:50,193 [INFO] [拉勾网] 第 1 页无数据，结束
2026-05-30 10:46:50,194 [INFO] [拉勾网] 完成，共获取 0 条记录
2026-05-30 10:46:50,194 [INFO] 
共获取 0 条招聘信息
2026-05-30 10:46:50,194 [WARNING] 未获取到任何数据，请检查网络/参数后重试
2026-05-30 10:48:05,032 [INFO] ============================================================
2026-05-30 10:48:05,033 [INFO] 实习/校园招聘信息爬虫 启动
2026-05-30 10:48:05,033 [INFO] 城市: 北京
2026-05-30 10:48:05,033 [INFO] 关键词: 实习
2026-05-30 10:48:05,033 [INFO] 平台: shixiseng
2026-05-30 10:48:05,033 [INFO] 岗位类型: all
2026-05-30 10:48:05,033 [INFO] 最大页数: 1
2026-05-30 10:48:05,034 [INFO] ============================================================
2026-05-30 10:48:05,034 [INFO] [实习僧] 开始爬取: 城市=北京, 关键词=实习, 类型=intern
2026-05-30 10:48:05,034 [INFO] [实习僧] 正在爬取第 1/1 页...
2026-05-30 10:48:05,171 [WARNING] [1/3] 连接错误: HTTPSConnectionPool(host='api.shixiseng.com', port=443): Max retries exceeded with url: /api/jobs?keyword=%E5%AE%9E%E4%B9%A0&city=%E5%8C%97%E4%BA%AC&type=intern&p=1&ps=20&order=0 (Caused by SSLError(SSLEOFError(8, '[SSL: UNEXPECTED_EOF_WHILE_READING] EOF occurred in violation of protocol (_ssl.c:1081)')))
2026-05-30 10:48:07,424 [WARNING] [2/3] 连接错误: HTTPSConnectionPool(host='api.shixiseng.com', port=443): Max retries exceeded with url: /api/jobs?keyword=%E5%AE%9E%E4%B9%A0&city=%E5%8C%97%E4%BA%AC&type=intern&p=1&ps=20&order=0 (Caused by SSLError(SSLEOFError(8, '[SSL: UNEXPECTED_EOF_WHILE_READING] EOF occurred in violation of protocol (_ssl.c:1081)')))
2026-05-30 10:48:11,823 [WARNING] [3/3] 连接错误: HTTPSConnectionPool(host='api.shixiseng.com', port=443): Max retries exceeded with url: /api/jobs?keyword=%E5%AE%9E%E4%B9%A0&city=%E5%8C%97%E4%BA%AC&type=intern&p=1&ps=20&order=0 (Caused by SSLError(SSLEOFError(8, '[SSL: UNEXPECTED_EOF_WHILE_READING] EOF occurred in violation of protocol (_ssl.c:1081)')))
2026-05-30 10:48:11,823 [INFO] [实习僧] 第 1 页无数据，结束
2026-05-30 10:48:11,823 [INFO] [实习僧] 完成，共获取 0 条记录
2026-05-30 10:48:11,824 [INFO] 
共获取 0 条招聘信息
2026-05-30 10:48:11,824 [WARNING] 未获取到任何数据，请检查网络/参数后重试
2026-05-30 10:48:50,482 [INFO] ============================================================
2026-05-30 10:48:50,482 [INFO] 实习/校园招聘信息爬虫 启动
2026-05-30 10:48:50,483 [INFO] 城市: 北京
2026-05-30 10:48:50,483 [INFO] 关键词: 实习
2026-05-30 10:48:50,483 [INFO] 平台: boss
2026-05-30 10:48:50,483 [INFO] 岗位类型: all
2026-05-30 10:48:50,483 [INFO] 最大页数: 1
2026-05-30 10:48:50,483 [INFO] ============================================================
2026-05-30 10:48:50,483 [INFO] [BOSS直聘] 开始爬取: 城市=北京, 关键词=实习
2026-05-30 10:48:50,483 [INFO] [BOSS直聘] 正在爬取第 1/1 页...
2026-05-30 10:48:51,740 [INFO] [BOSS直聘] 初始化会话: 200, cookies: 0
2026-05-30 10:48:52,598 [INFO] [BOSS直聘] 第1页找到 0 个职位卡片
2026-05-30 10:48:52,599 [INFO] [BOSS直聘] 第 1 页无数据，结束
2026-05-30 10:48:52,599 [INFO] [BOSS直聘] 完成，共获取 0 条记录
2026-05-30 10:48:52,600 [INFO] 
共获取 0 条招聘信息
2026-05-30 10:48:52,600 [WARNING] 未获取到任何数据，请检查网络/参数后重试
2026-05-30 10:49:09,505 [INFO] ============================================================
2026-05-30 10:49:09,506 [INFO] 实习/校园招聘信息爬虫 启动
2026-05-30 10:49:09,506 [INFO] 城市: 北京
2026-05-30 10:49:09,506 [INFO] 关键词: 实习
2026-05-30 10:49:09,506 [INFO] 平台: lagou
2026-05-30 10:49:09,506 [INFO] 岗位类型: all
2026-05-30 10:49:09,506 [INFO] 最大页数: 1
2026-05-30 10:49:09,506 [INFO] ============================================================
2026-05-30 10:49:09,506 [INFO] [拉勾网] 开始爬取: 城市=北京, 关键词=实习
2026-05-30 10:49:09,507 [INFO] [拉勾网] 正在爬取第 1/1 页...
2026-05-30 10:49:12,039 [INFO] [拉勾网] 初始化会话: 200
2026-05-30 10:49:13,516 [INFO] [拉勾网] 访问搜索页: 200, cookies: 1
2026-05-30 10:49:19,153 [WARNING] [拉勾网] 触发 WAF 拦截，跳过
2026-05-30 10:49:19,155 [INFO] [拉勾网] 第 1 页无数据，结束
2026-05-30 10:49:19,155 [INFO] [拉勾网] 完成，共获取 0 条记录
2026-05-30 10:49:19,155 [INFO] 
共获取 0 条招聘信息
2026-05-30 10:49:19,155 [WARNING] 未获取到任何数据，请检查网络/参数后重试
2026-05-30 11:03:51,330 [INFO] ============================================================
2026-05-30 11:03:51,330 [INFO] 招聘信息爬虫 启动
2026-05-30 11:03:51,330 [INFO] 城市: 北京
2026-05-30 11:03:51,330 [INFO] 关键词: 实习
2026-05-30 11:03:51,330 [INFO] 最大页数: 1
2026-05-30 11:03:51,331 [INFO] ============================================================
2026-05-30 11:03:51,331 [INFO] [猎聘网] 启动浏览器，开始爬取: 城市=北京, 关键词=实习
2026-05-30 11:03:52,338 [INFO] [猎聘网] 正在爬取第 1/1 页...
2026-05-30 11:03:52,339 [INFO] [猎聘网] 访问: https://www.liepin.com/zhaopin/?city=010&key=实习
2026-05-30 11:04:22,342 [ERROR] [猎聘网] 第1页请求异常: Page.goto: Timeout 30000ms exceeded.
Call log:
  - navigating to "https://www.liepin.com/zhaopin/?city=010&key=%E5%AE%9E%E4%B9%A0", waiting until "networkidle"

2026-05-30 11:04:22,343 [WARNING] [猎聘网] 第 1 页出错，结束
2026-05-30 11:04:22,672 [INFO] [猎聘网] 完成，共获取 0 条记录
2026-05-30 11:04:22,672 [INFO] 
共获取 0 条招聘信息
2026-05-30 11:04:22,672 [WARNING] 未获取到任何数据，可尝试 --visible 参数查看浏览器行为
2026-05-30 11:04:40,615 [INFO] ============================================================
2026-05-30 11:04:40,615 [INFO] 招聘信息爬虫 启动
2026-05-30 11:04:40,616 [INFO] 城市: 北京
2026-05-30 11:04:40,616 [INFO] 关键词: 实习
2026-05-30 11:04:40,616 [INFO] 最大页数: 1
2026-05-30 11:04:40,616 [INFO] ============================================================
2026-05-30 11:04:40,616 [INFO] [猎聘网] 启动浏览器，开始爬取: 城市=北京, 关键词=实习
2026-05-30 11:04:41,557 [INFO] [猎聘网] 正在爬取第 1/1 页...
2026-05-30 11:04:41,557 [INFO] [猎聘网] 访问: https://www.liepin.com/zhaopin/?city=010&key=实习
2026-05-30 11:04:45,137 [INFO] [猎聘网] 第1页提取到 42 个职位
2026-05-30 11:04:47,457 [INFO] [猎聘网] 完成，共获取 42 条记录
2026-05-30 11:04:47,457 [INFO] 
共获取 42 条招聘信息
2026-05-30 12:21:23,809 [INFO] ============================================================
2026-05-30 12:21:23,810 [INFO] 招聘信息爬虫 启动
2026-05-30 12:21:23,810 [INFO] 城市: 北京
2026-05-30 12:21:23,810 [INFO] 关键词: 实习
2026-05-30 12:21:23,810 [INFO] 最大页数: 1
2026-05-30 12:21:23,810 [INFO] ============================================================
2026-05-30 12:21:23,811 [INFO] [猎聘网] 启动浏览器，开始爬取: 城市=北京, 关键词=实习
2026-05-30 12:21:24,598 [INFO] [猎聘网] 正在爬取第 1/1 页...
2026-05-30 12:21:24,598 [INFO] [猎聘网] 访问: https://www.liepin.com/zhaopin/?city=010&key=实习
2026-05-30 12:21:28,212 [INFO] [猎聘网] 第1页提取到 40 个职位
2026-05-30 12:21:30,561 [INFO] [猎聘网] 完成，共获取 40 条记录
2026-05-30 12:21:30,562 [INFO] 
共获取 40 条招聘信息
2026-05-30 12:25:32,590 [INFO] ============================================================
2026-05-30 12:25:32,590 [INFO] 招聘信息爬虫 启动
2026-05-30 12:25:32,590 [INFO] 城市: 北京
2026-05-30 12:25:32,590 [INFO] 关键词: 实习
2026-05-30 12:25:32,590 [INFO] 最大页数: 3
2026-05-30 12:25:32,590 [INFO] ============================================================
2026-05-30 12:25:32,590 [INFO] [猎聘网] 启动浏览器，开始爬取: 城市=北京, 关键词=实习
2026-05-30 12:25:33,494 [INFO] [猎聘网] 正在爬取第 1/3 页...
2026-05-30 12:25:33,494 [INFO] [猎聘网] 访问: https://www.liepin.com/zhaopin/?city=010&key=实习
2026-05-30 12:25:37,083 [INFO] [猎聘网] 第1页提取到 42 个职位
2026-05-30 12:25:39,084 [INFO] [猎聘网] 正在爬取第 2/3 页...
2026-05-30 12:25:39,084 [INFO] [猎聘网] 访问: https://www.liepin.com/zhaopin/?city=010&key=实习&curPage=1
2026-05-30 12:25:54,229 [WARNING] [猎聘网] 等待职位卡片超时，检查页面状态
2026-05-30 12:26:01,247 [INFO] [猎聘网] 第2页提取到 42 个职位
2026-05-30 12:26:03,248 [INFO] [猎聘网] 正在爬取第 3/3 页...
2026-05-30 12:26:03,248 [INFO] [猎聘网] 访问: https://www.liepin.com/zhaopin/?city=010&key=实习&curPage=2
2026-05-30 12:26:06,336 [INFO] [猎聘网] 第3页提取到 42 个职位
2026-05-30 12:26:08,619 [INFO] [猎聘网] 完成，共获取 126 条记录
2026-05-30 12:26:08,619 [INFO] 
共获取 126 条招聘信息
2026-05-30 12:26:09,055 [INFO] ============================================================
2026-05-30 12:26:09,055 [INFO] 招聘信息爬虫 启动
2026-05-30 12:26:09,055 [INFO] 城市: 北京
2026-05-30 12:26:09,055 [INFO] 关键词: 实习
2026-05-30 12:26:09,056 [INFO] 最大页数: 2
2026-05-30 12:26:09,056 [INFO] ============================================================
2026-05-30 12:26:09,056 [INFO] [猎聘网] 启动浏览器，开始爬取: 城市=北京, 关键词=实习
2026-05-30 12:26:09,881 [INFO] [猎聘网] 正在爬取第 1/2 页...
2026-05-30 12:26:09,882 [INFO] [猎聘网] 访问: https://www.liepin.com/zhaopin/?city=010&key=实习
2026-05-30 12:26:13,427 [INFO] [猎聘网] 第1页提取到 42 个职位
2026-05-30 12:26:15,428 [INFO] [猎聘网] 正在爬取第 2/2 页...
2026-05-30 12:26:15,428 [INFO] [猎聘网] 访问: https://www.liepin.com/zhaopin/?city=010&key=实习&curPage=1
2026-05-30 12:26:18,439 [INFO] [猎聘网] 第2页提取到 42 个职位
2026-05-30 12:26:20,803 [INFO] [猎聘网] 完成，共获取 84 条记录
2026-05-30 12:26:20,804 [INFO] 
共获取 84 条招聘信息
2026-05-30 12:27:03,192 [INFO] ============================================================
2026-05-30 12:27:03,192 [INFO] 招聘信息爬虫 启动
2026-05-30 12:27:03,192 [INFO] 城市: 北京
2026-05-30 12:27:03,192 [INFO] 关键词: 实习
2026-05-30 12:27:03,192 [INFO] 最大页数: 3
2026-05-30 12:27:03,192 [INFO] ============================================================
2026-05-30 12:27:03,192 [INFO] [猎聘网] 启动浏览器，开始爬取: 城市=北京, 关键词=实习
2026-05-30 12:27:03,950 [INFO] [猎聘网] 正在爬取第 1/3 页...
2026-05-30 12:27:03,951 [INFO] [猎聘网] 访问: https://www.liepin.com/zhaopin/?city=010&key=实习
2026-05-30 12:27:07,413 [INFO] [猎聘网] 第1页提取到 42 个职位
2026-05-30 12:27:09,414 [INFO] [猎聘网] 正在爬取第 2/3 页...
2026-05-30 12:27:09,414 [INFO] [猎聘网] 访问: https://www.liepin.com/zhaopin/?city=010&key=实习&curPage=1
2026-05-30 12:27:11,983 [INFO] [猎聘网] 第2页提取到 42 个职位
2026-05-30 12:27:13,983 [INFO] [猎聘网] 正在爬取第 3/3 页...
2026-05-30 12:27:13,984 [INFO] [猎聘网] 访问: https://www.liepin.com/zhaopin/?city=010&key=实习&curPage=2
2026-05-30 12:27:16,941 [INFO] [猎聘网] 第3页提取到 42 个职位
2026-05-30 12:27:19,239 [INFO] [猎聘网] 完成，共获取 126 条记录
2026-05-30 12:27:19,240 [INFO] 
共获取 126 条招聘信息
2026-05-30 12:27:19,258 [INFO] CSV 已导出: C:\Users\86138\Desktop\mine-cr\招聘\data\北京_实习_20260530_122703.csv
2026-05-30 12:27:19,260 [INFO] JSON 已导出: C:\Users\86138\Desktop\mine-cr\招聘\data\北京_实习_20260530_122703.json
2026-05-30 12:27:19,262 [INFO] Markdown 已导出: C:\Users\86138\Desktop\mine-cr\招聘\data\北京_实习_20260530_122703.md
2026-05-30 12:28:28,881 [INFO] ============================================================
2026-05-30 12:28:28,882 [INFO] 招聘信息爬虫 启动
2026-05-30 12:28:28,882 [INFO] 城市: 北京
2026-05-30 12:28:28,882 [INFO] 关键词: 实习
2026-05-30 12:28:28,882 [INFO] 最大页数: 3
2026-05-30 12:28:28,882 [INFO] ============================================================
2026-05-30 12:28:28,882 [INFO] [猎聘网] 启动浏览器，开始爬取: 城市=北京, 关键词=实习
2026-05-30 12:28:29,652 [INFO] [猎聘网] 正在爬取第 1/3 页...
2026-05-30 12:28:29,653 [INFO] [猎聘网] 访问: https://www.liepin.com/zhaopin/?city=010&key=实习
2026-05-30 12:28:33,094 [INFO] [猎聘网] 第1页提取到 42 个职位
2026-05-30 12:28:35,095 [INFO] [猎聘网] 正在爬取第 2/3 页...
2026-05-30 12:28:35,095 [INFO] [猎聘网] 访问: https://www.liepin.com/zhaopin/?city=010&key=实习&curPage=1
2026-05-30 12:28:38,084 [INFO] [猎聘网] 第2页提取到 42 个职位
2026-05-30 12:28:40,085 [INFO] [猎聘网] 正在爬取第 3/3 页...
2026-05-30 12:28:40,085 [INFO] [猎聘网] 访问: https://www.liepin.com/zhaopin/?city=010&key=实习&curPage=2
2026-05-30 12:28:43,059 [INFO] [猎聘网] 第3页提取到 42 个职位
2026-05-30 12:28:45,346 [INFO] [猎聘网] 完成，共获取 126 条记录
2026-05-30 12:28:45,346 [INFO] 
共获取 126 条招聘信息
2026-05-30 12:28:45,356 [INFO] CSV 已导出: C:\Users\86138\Desktop\mine-cr\招聘\data\北京_实习_20260530_122828.csv
2026-05-30 12:28:45,358 [INFO] JSON 已导出: C:\Users\86138\Desktop\mine-cr\招聘\data\北京_实习_20260530_122828.json
2026-05-30 12:28:45,360 [INFO] Markdown 已导出: C:\Users\86138\Desktop\mine-cr\招聘\data\北京_实习_20260530_122828.md
2026-05-30 12:29:29,022 [INFO] ============================================================
2026-05-30 12:29:29,022 [INFO] 招聘信息爬虫 启动
2026-05-30 12:29:29,022 [INFO] 城市: 苏州
2026-05-30 12:29:29,022 [INFO] 关键词: 实习
2026-05-30 12:29:29,022 [INFO] 最大页数: 1
2026-05-30 12:29:29,022 [INFO] ============================================================
2026-05-30 12:29:29,023 [INFO] [猎聘网] 启动浏览器，开始爬取: 城市=苏州, 关键词=实习
2026-05-30 12:29:29,920 [INFO] [猎聘网] 正在爬取第 1/1 页...
2026-05-30 12:29:29,921 [INFO] [猎聘网] 访问: https://www.liepin.com/zhaopin/?city=080&key=实习
2026-05-30 12:29:38,323 [INFO] [猎聘网] 第1页提取到 40 个职位
2026-05-30 12:29:40,686 [INFO] [猎聘网] 完成，共获取 40 条记录
2026-05-30 12:29:40,686 [INFO] 
共获取 40 条招聘信息
2026-05-30 12:29:54,542 [INFO] ============================================================
2026-05-30 12:29:54,542 [INFO] 招聘信息爬虫 启动
2026-05-30 12:29:54,543 [INFO] 城市: 苏州
2026-05-30 12:29:54,543 [INFO] 关键词: 实习
2026-05-30 12:29:54,543 [INFO] 最大页数: 3
2026-05-30 12:29:54,543 [INFO] ============================================================
2026-05-30 12:29:54,543 [INFO] [猎聘网] 启动浏览器，开始爬取: 城市=苏州, 关键词=实习
2026-05-30 12:29:55,333 [INFO] [猎聘网] 正在爬取第 1/3 页...
2026-05-30 12:29:55,333 [INFO] [猎聘网] 访问: https://www.liepin.com/zhaopin/?city=080&key=实习
2026-05-30 12:30:07,288 [INFO] [猎聘网] 第1页提取到 42 个职位
2026-05-30 12:30:09,288 [INFO] [猎聘网] 正在爬取第 2/3 页...
2026-05-30 12:30:09,289 [INFO] [猎聘网] 访问: https://www.liepin.com/zhaopin/?city=080&key=实习&curPage=1
2026-05-30 12:30:14,059 [INFO] [猎聘网] 第2页提取到 42 个职位
2026-05-30 12:30:16,059 [INFO] [猎聘网] 正在爬取第 3/3 页...
2026-05-30 12:30:16,060 [INFO] [猎聘网] 访问: https://www.liepin.com/zhaopin/?city=080&key=实习&curPage=2
2026-05-30 12:30:20,757 [INFO] [猎聘网] 第3页提取到 42 个职位
2026-05-30 12:30:23,085 [INFO] [猎聘网] 完成，共获取 126 条记录
2026-05-30 12:30:23,086 [INFO] 
共获取 126 条招聘信息
2026-05-30 12:30:23,098 [INFO] CSV 已导出: C:\Users\86138\Desktop\mine-cr\招聘\data\苏州_实习_20260530_122954.csv
2026-05-30 12:30:23,101 [INFO] JSON 已导出: C:\Users\86138\Desktop\mine-cr\招聘\data\苏州_实习_20260530_122954.json
2026-05-30 12:30:23,103 [INFO] Markdown 已导出: C:\Users\86138\Desktop\mine-cr\招聘\data\苏州_实习_20260530_122954.md
