2026-05-29 20:55:25,998 - INFO - ==================================================
2026-05-29 20:55:25,999 - INFO - 开始爬取实时国内重大事件...
2026-05-29 20:55:25,999 - INFO - ==================================================
2026-05-29 20:55:26,928 - INFO - 微博热搜 获取成功: 52 条
2026-05-29 20:55:26,928 - INFO -   ✓ 微博热搜: 52 条
2026-05-29 20:55:29,659 - INFO - 百度热搜 获取成功: 50 条
2026-05-29 20:55:29,660 - INFO -   ✓ 百度热搜: 50 条
2026-05-29 20:55:31,054 - WARNING -   ✗ 知乎热搜: 获取为空
2026-05-29 20:55:39,035 - WARNING -   ✗ 网易新闻: 获取为空
2026-05-29 20:55:40,958 - WARNING - 腾讯新闻获取失败: 'NoneType' object has no attribute 'get'
2026-05-29 20:55:40,958 - WARNING -   ✗ 腾讯新闻: 获取为空
2026-05-29 20:55:41,861 - INFO - 爬取完成，共 102 条事件
2026-05-29 20:55:41,866 - INFO - 数据已保存: news_data\news_data_20260529_205541.json
2026-05-29 20:56:07,673 - INFO - ==================================================
2026-05-29 20:56:07,674 - INFO - 开始爬取实时国内重大事件...
2026-05-29 20:56:07,674 - INFO - ==================================================
2026-05-29 20:56:08,188 - INFO - 微博热搜 获取成功: 52 条
2026-05-29 20:56:08,188 - INFO -   ✓ 微博热搜: 52 条
2026-05-29 20:56:09,687 - INFO - 百度热搜 获取成功: 50 条
2026-05-29 20:56:09,688 - INFO -   ✓ 百度热搜: 50 条
2026-05-29 20:56:10,848 - WARNING -   ✗ 知乎热搜: 获取为空
2026-05-29 20:56:14,125 - WARNING -   ✗ 网易新闻: 获取为空
2026-05-29 20:56:15,494 - INFO - 腾讯新闻(备用) 获取成功: 0 条
2026-05-29 20:56:15,494 - WARNING -   ✗ 腾讯新闻: 获取为空
2026-05-29 20:56:16,476 - INFO - 爬取完成，共 102 条事件
2026-05-29 20:56:16,480 - INFO - 数据已保存: news_data\news_data_20260529_205616.json
2026-05-29 20:56:36,124 - INFO - ==================================================
2026-05-29 20:56:36,124 - INFO - 开始爬取实时国内重大事件...
2026-05-29 20:56:36,124 - INFO - ==================================================
2026-05-29 20:56:36,710 - INFO - 微博热搜 获取成功: 52 条
2026-05-29 20:56:36,710 - INFO -   ✓ 微博热搜: 52 条
2026-05-29 20:56:38,170 - INFO - 百度热搜 获取成功: 50 条
2026-05-29 20:56:38,170 - INFO -   ✓ 百度热搜: 50 条
2026-05-29 20:56:39,472 - WARNING -   ✗ 知乎热搜: 获取为空
2026-05-29 20:56:51,755 - INFO - 网易新闻(解析) 获取成功: 5 条
2026-05-29 20:56:51,755 - INFO -   ✓ 网易新闻: 5 条
2026-05-29 20:56:53,702 - INFO - 腾讯新闻(备用) 获取成功: 0 条
2026-05-29 20:56:53,702 - WARNING -   ✗ 腾讯新闻: 获取为空
2026-05-29 20:56:54,912 - INFO - 爬取完成，共 107 条事件
2026-05-29 20:56:54,916 - INFO - 数据已保存: news_data\news_data_20260529_205654.json
