2026-05-30 20:47:01,707 [INFO] ============================================================
2026-05-30 20:47:01,707 [INFO] 公务员招录信息爬虫 启动
2026-05-30 20:47:01,707 [INFO] 地区: 全国
2026-05-30 20:47:01,707 [INFO] 关键词: 全部
2026-05-30 20:47:01,707 [INFO] 数据源: all
2026-05-30 20:47:01,707 [INFO] 最大页数: 1
2026-05-30 20:47:01,707 [INFO] ============================================================
2026-05-30 20:47:01,707 [INFO] 
>>> [华图教育] 启动爬取...
2026-05-30 20:47:01,708 [INFO] [华图教育] 开始爬取: 省份=全国
2026-05-30 20:47:02,278 [ERROR] 请求异常: https://huatu.huatu.com/list/ - HTTPSConnectionPool(host='huatu.huatu.com', port=443): Max retries exceeded with url: /list/ (Caused by SSLError(SSLEOFError(8, '[SSL: UNEXPECTED_EOF_WHILE_READING] EOF occurred in violation of protocol (_ssl.c:1081)')))
2026-05-30 20:47:02,279 [INFO] [华图教育] 完成，共获取 0 条记录
2026-05-30 20:47:02,279 [INFO] <<< [华图教育] 获取 0 条
2026-05-30 20:47:02,279 [INFO] 
>>> [中公教育] 启动爬取...
2026-05-30 20:47:02,279 [INFO] [中公教育] 开始爬取: 省份=全国
2026-05-30 20:47:04,537 [WARNING] 请求返回状态码 403: https://www.offcn.com/gwy/
2026-05-30 20:47:04,810 [WARNING] 请求返回状态码 403: https://www.offcn.com/xds/
2026-05-30 20:47:05,097 [WARNING] 请求返回状态码 403: https://www.offcn.com/sydw/
2026-05-30 20:47:05,097 [INFO] [中公教育] 完成，共获取 0 条记录
2026-05-30 20:47:05,097 [INFO] <<< [中公教育] 获取 0 条
2026-05-30 20:47:05,097 [INFO] 
>>> [国家公务员局] 启动爬取...
2026-05-30 20:47:05,097 [INFO] [国家公务员局] 开始爬取国考信息...
2026-05-30 20:47:22,498 [ERROR] 请求异常: http://bm.scs.gov.cn/pp/gkweb/core/web/ui/business/article/articlielist.html?year=2025 - HTTPConnectionPool(host='127.0.0.1', port=7890): Read timed out. (read timeout=15)
2026-05-30 20:47:24,531 [WARNING] 请求返回状态码 404: http://bm.scs.gov.cn/pp/gkweb/core/web/ui/business/article/articlielist.html?year=2024
2026-05-30 20:47:34,705 [WARNING] 请求返回状态码 404: http://bm.scs.gov.cn/pp/gkweb/core/web/ui/business/article/articlielist.html?year=2023
2026-05-30 20:47:34,705 [INFO] [国家公务员局] 获取 0 条记录
2026-05-30 20:47:34,705 [INFO] <<< [国家公务员局] 获取 0 条
2026-05-30 20:47:34,705 [INFO] 
============================================================
2026-05-30 20:47:34,705 [INFO] 共获取 0 条公务员招录信息
2026-05-30 20:47:34,705 [INFO] ============================================================
2026-05-30 20:47:34,705 [WARNING] 未获取到任何数据，请检查网络或换个地区/关键词重试
2026-05-30 20:49:02,606 [INFO] ============================================================
2026-05-30 20:49:02,606 [INFO] 公务员招录信息爬虫 启动
2026-05-30 20:49:02,607 [INFO] 地区: 全国
2026-05-30 20:49:02,607 [INFO] 关键词: 全部
2026-05-30 20:49:02,607 [INFO] 数据源: search
2026-05-30 20:49:02,607 [INFO] 最大页数: 1
2026-05-30 20:49:02,607 [INFO] ============================================================
2026-05-30 20:49:02,607 [INFO] 
>>> [搜索聚合] 启动爬取...
2026-05-30 20:49:02,607 [INFO] [搜索聚合] 开始搜索: 省份=全国
2026-05-30 20:49:03,694 [INFO] [搜索聚合] 搜索'全国 公务员招考公告 2026' 获取 0 条
2026-05-30 20:49:06,893 [INFO] [搜索聚合] 搜索'全国 省考公告 职位表' 获取 0 条
2026-05-30 20:49:09,437 [INFO] [搜索聚合] 完成，共获取 0 条
2026-05-30 20:49:09,437 [INFO] <<< [搜索聚合] 获取 0 条
2026-05-30 20:49:09,437 [INFO] 
============================================================
2026-05-30 20:49:09,437 [INFO] 共获取 0 条公务员招录信息
2026-05-30 20:49:09,437 [INFO] ============================================================
2026-05-30 20:49:09,437 [WARNING] 未获取到任何数据，可尝试 -s search 模式 或 换个地区重试
2026-05-30 20:49:35,673 [INFO] ============================================================
2026-05-30 20:49:35,674 [INFO] 公务员招录信息爬虫 启动
2026-05-30 20:49:35,674 [INFO] 地区: 辽宁
2026-05-30 20:49:35,674 [INFO] 关键词: 全部
2026-05-30 20:49:35,674 [INFO] 数据源: huatu
2026-05-30 20:49:35,674 [INFO] 最大页数: 1
2026-05-30 20:49:35,674 [INFO] ============================================================
2026-05-30 20:49:35,674 [INFO] 
>>> [华图教育] 启动爬取...
2026-05-30 20:49:35,674 [INFO] [华图教育] 基础URL: https://ln.huatu.com
2026-05-30 20:49:35,674 [INFO] [华图教育] 开始爬取: 省份=辽宁, 最多1页
2026-05-30 20:49:36,252 [INFO] [华图教育] /zhaokao/ 第1页获取 150 条
2026-05-30 20:49:38,116 [INFO] [华图教育] 完成，共获取 150 条记录
2026-05-30 20:49:38,117 [INFO] <<< [华图教育] 获取 150 条
2026-05-30 20:49:38,117 [INFO] 
============================================================
2026-05-30 20:49:38,117 [INFO] 共获取 150 条公务员招录信息
2026-05-30 20:49:38,117 [INFO] ============================================================
2026-05-30 20:49:38,119 [INFO] JSON 已导出: C:\Users\86138\Desktop\mine-cr\公务员\data\辽宁_全部_20260530_204935.json
2026-05-30 20:51:02,243 [INFO] ========================================================
2026-05-30 20:51:02,243 [INFO]   公务员招录信息爬虫
2026-05-30 20:51:02,243 [INFO]   地区: 全国
2026-05-30 20:51:02,243 [INFO]   关键词: 全部
2026-05-30 20:51:02,244 [INFO]   数据源: huatu
2026-05-30 20:51:02,244 [INFO]   页数: 2
2026-05-30 20:51:02,244 [INFO] ========================================================
2026-05-30 20:51:02,244 [INFO] 
── [华图教育] ──
2026-05-30 20:51:02,244 [INFO] [华图] 站点: https://www.huatu.com
2026-05-30 20:51:02,244 [INFO] [华图] 爬取: 全国, 最多2页
2026-05-30 20:51:02,654 [INFO] [华图] 全国站 第1页: 77 条
2026-05-30 20:51:04,889 [WARNING] HTTP 404: https://www.huatu.com/guojia/zhaokao/zkgg/index_2.html
2026-05-30 20:51:04,889 [INFO] [华图] 完成, 共 77 条
2026-05-30 20:51:04,889 [INFO] ✓ 华图: 77 条
2026-05-30 20:51:04,889 [INFO] 
========================================================
2026-05-30 20:51:04,889 [INFO] 总计: 77 条公务员招录信息
2026-05-30 20:51:04,889 [INFO] ========================================================
2026-05-30 20:51:04,890 [INFO] JSON: C:\Users\86138\Desktop\mine-cr\公务员\data\全国_全部_20260530_205102.json
2026-05-30 20:52:34,832 [INFO] ========================================================
2026-05-30 20:52:34,833 [INFO]   公务员招录信息爬虫
2026-05-30 20:52:34,833 [INFO]   地区: 全国
2026-05-30 20:52:34,833 [INFO]   关键词: 全部
2026-05-30 20:52:34,833 [INFO]   数据源: all
2026-05-30 20:52:34,833 [INFO]   页数: 2
2026-05-30 20:52:34,833 [INFO] ========================================================
2026-05-30 20:52:34,833 [INFO] 
── [华图教育] ──
2026-05-30 20:52:34,834 [INFO] [华图] 站点: https://www.huatu.com
2026-05-30 20:52:34,834 [INFO] [华图] 爬取: 全国, 最多2页
2026-05-30 20:52:35,224 [INFO] [华图] 全国站 第1页: 77 条
2026-05-30 20:52:37,959 [WARNING] HTTP 404: https://www.huatu.com/guojia/zhaokao/zkgg/index_2.html
2026-05-30 20:52:38,321 [WARNING] HTTP 404: https://www.huatu.com/guojia/zhaokao/zkgg/list_2.html
2026-05-30 20:52:38,321 [INFO] [华图] 完成, 共 77 条
2026-05-30 20:52:38,321 [INFO] ✓ 华图: 77 条
2026-05-30 20:52:38,321 [INFO] 
── [搜索聚合] ──
2026-05-30 20:52:38,322 [INFO] [搜索] 聚合: 全国
2026-05-30 20:52:39,350 [INFO] [搜索] '全国 公务员 招考 公告 2026': 5 条
2026-05-30 20:52:43,835 [INFO] [搜索] '全国 省考 公告 职位表': 10 条
2026-05-30 20:52:46,106 [INFO] ✓ 搜索: 15 条
2026-05-30 20:52:46,106 [INFO] 
========================================================
2026-05-30 20:52:46,107 [INFO] 总计: 92 条公务员招录信息
2026-05-30 20:52:46,107 [INFO] ========================================================
2026-05-30 20:52:46,126 [INFO] CSV: c:\Users\86138\Desktop\mine-cr\公务员\data\全国_全部_20260530_205234.csv
2026-05-30 20:52:46,128 [INFO] JSON: c:\Users\86138\Desktop\mine-cr\公务员\data\全国_全部_20260530_205234.json
2026-05-30 20:52:46,128 [INFO] MD: c:\Users\86138\Desktop\mine-cr\公务员\data\全国_全部_20260530_205234.md
2026-05-30 20:56:12,228 [INFO] ========================================================
2026-05-30 20:56:12,229 [INFO]   公务员招录信息爬虫
2026-05-30 20:56:12,229 [INFO]   地区: 全国
2026-05-30 20:56:12,229 [INFO]   关键词: 全部
2026-05-30 20:56:12,229 [INFO]   数据源: all
2026-05-30 20:56:12,229 [INFO]   页数: 2
2026-05-30 20:56:12,229 [INFO] ========================================================
2026-05-30 20:56:12,229 [INFO] 
── [华图教育] ──
2026-05-30 20:56:12,229 [INFO] [华图] 站点: https://www.huatu.com
2026-05-30 20:56:12,229 [INFO] [华图] 爬取: 全国, 最多2页
2026-05-30 20:56:12,592 [INFO] [华图] 全国站 第1页: 77 条
2026-05-30 20:56:14,403 [WARNING] HTTP 404: https://www.huatu.com/guojia/zhaokao/zkgg/index_2.html
2026-05-30 20:56:14,769 [WARNING] HTTP 404: https://www.huatu.com/guojia/zhaokao/zkgg/list_2.html
2026-05-30 20:56:14,769 [INFO] [华图] 完成, 共 77 条
2026-05-30 20:56:14,770 [INFO] ✓ 华图: 77 条
2026-05-30 20:56:14,770 [INFO] 
── [搜索聚合] ──
2026-05-30 20:56:14,771 [INFO] [搜索] 聚合: 全国
2026-05-30 20:56:16,082 [INFO] [搜索] '全国 公务员 招考 公告 2026': 5 条
2026-05-30 20:56:19,286 [INFO] [搜索] '全国 省考 公告 职位表': 10 条
2026-05-30 20:56:22,787 [INFO] ✓ 搜索: 15 条
2026-05-30 20:56:22,788 [INFO] 
========================================================
2026-05-30 20:56:22,788 [INFO] 总计: 92 条公务员招录信息
2026-05-30 20:56:22,788 [INFO] ========================================================
2026-05-30 20:56:22,791 [INFO] CSV: c:\Users\86138\Desktop\mine-cr\公务员\data\全国_全部_20260530_205612.csv
2026-05-30 20:56:22,792 [INFO] JSON: c:\Users\86138\Desktop\mine-cr\公务员\data\全国_全部_20260530_205612.json
2026-05-30 20:56:22,793 [INFO] MD: c:\Users\86138\Desktop\mine-cr\公务员\data\全国_全部_20260530_205612.md
2026-05-30 20:58:20,900 [INFO] ========================================================
2026-05-30 20:58:20,900 [INFO]   公务员招录信息爬虫
2026-05-30 20:58:20,900 [INFO]   地区: 全国 → 省=全国, 市=全部
2026-05-30 20:58:20,900 [INFO]   关键词: 全部
2026-05-30 20:58:20,900 [INFO]   数据源: all
2026-05-30 20:58:20,900 [INFO]   页数: 2
2026-05-30 20:58:20,901 [INFO] ========================================================
2026-05-30 20:58:20,901 [INFO] 
── [华图教育] ──
2026-05-30 20:58:20,901 [INFO] [华图] 省级站: https://www.huatu.com | 全国站: https://www.huatu.com
2026-05-30 20:58:20,901 [INFO] [华图] 爬取: 全国, 最多2页
2026-05-30 20:58:21,290 [INFO] [华图] 全国站 第1页: 77 条
2026-05-30 20:58:22,768 [WARNING] HTTP 404: https://www.huatu.com/guojia/zhaokao/zkgg/index_2.html
2026-05-30 20:58:23,119 [WARNING] HTTP 404: https://www.huatu.com/guojia/zhaokao/zkgg/list_2.html
2026-05-30 20:58:23,119 [INFO] [华图] 完成, 共 77 条
2026-05-30 20:58:23,119 [INFO] ✓ 华图: 77 条
2026-05-30 20:58:23,120 [INFO] 
── [搜索聚合] ──
2026-05-30 20:58:23,121 [INFO] [搜索] 聚合: 全国
2026-05-30 20:58:24,007 [INFO] [搜索] '全国 公务员 招考 公告 2026': 5 条
2026-05-30 20:58:28,367 [INFO] [搜索] '全国 省考 公告 职位表': 10 条
2026-05-30 20:58:32,034 [INFO] ✓ 搜索: 15 条
2026-05-30 20:58:32,035 [INFO] 
========================================================
2026-05-30 20:58:32,035 [INFO] 总计: 92 条公务员招录信息
2026-05-30 20:58:32,035 [INFO] ========================================================
2026-05-30 20:58:32,039 [INFO] CSV: c:\Users\86138\Desktop\mine-cr\公务员\data\全国_全部_20260530_205820.csv
2026-05-30 20:58:32,040 [INFO] JSON: c:\Users\86138\Desktop\mine-cr\公务员\data\全国_全部_20260530_205820.json
2026-05-30 20:58:32,041 [INFO] MD: c:\Users\86138\Desktop\mine-cr\公务员\data\全国_全部_20260530_205820.md
